Archive member included to satisfy reference by file (symbol)

c:/program files (x86)/atmel/studio/7.0/toolchain/avr8/avr8-gnu-toolchain/bin/../lib/gcc/avr/5.4.0/avr5\libgcc.a(_exit.o)
                              C:/Program Files (x86)/Atmel/Studio/7.0/Packs/atmel/ATmega_DFP/1.6.364/gcc/dev/atmega32/avr5/crtatmega32.o (exit)
c:/program files (x86)/atmel/studio/7.0/toolchain/avr8/avr8-gnu-toolchain/bin/../lib/gcc/avr/5.4.0/avr5\libgcc.a(_clear_bss.o)
                              APP/APP.o (__do_clear_bss)

Allocating common symbols
Common symbol       size              file

Global_Copy_u8StateFlag
                    0x1               APP/APP.o
Global_u32timers_remainingTime
                    0x4               MCAL/TIMER/TIMER_prog.o

Discarded input sections

 .data          0x00000000        0x0 C:/Program Files (x86)/Atmel/Studio/7.0/Packs/atmel/ATmega_DFP/1.6.364/gcc/dev/atmega32/avr5/crtatmega32.o
 .bss           0x00000000        0x0 C:/Program Files (x86)/Atmel/Studio/7.0/Packs/atmel/ATmega_DFP/1.6.364/gcc/dev/atmega32/avr5/crtatmega32.o
 .text          0x00000000        0x0 APP/APP.o
 .data          0x00000000        0x0 APP/APP.o
 .bss           0x00000000        0x0 APP/APP.o
 .text          0x00000000        0x0 HAL/Button/Button.o
 .data          0x00000000        0x0 HAL/Button/Button.o
 .bss           0x00000000        0x0 HAL/Button/Button.o
 .text          0x00000000        0x0 HAL/LED/LED.o
 .data          0x00000000        0x0 HAL/LED/LED.o
 .bss           0x00000000        0x0 HAL/LED/LED.o
 .text          0x00000000        0x0 main.o
 .data          0x00000000        0x0 main.o
 .bss           0x00000000        0x0 main.o
 .text          0x00000000        0x0 MCAL/DIO/GPIO_prog.o
 .data          0x00000000        0x0 MCAL/DIO/GPIO_prog.o
 .bss           0x00000000        0x0 MCAL/DIO/GPIO_prog.o
 .text.GPIO_u8GetPinValue
                0x00000000       0x5c MCAL/DIO/GPIO_prog.o
 .text          0x00000000        0x0 MCAL/EXTI/EXTI_prog.o
 .data          0x00000000        0x0 MCAL/EXTI/EXTI_prog.o
 .bss           0x00000000        0x0 MCAL/EXTI/EXTI_prog.o
 .text.EXTI_voidDisableInterrupt
                0x00000000       0x24 MCAL/EXTI/EXTI_prog.o
 .text          0x00000000        0x0 MCAL/TIMER/TIMER_prog.o
 .data          0x00000000        0x0 MCAL/TIMER/TIMER_prog.o
 .bss           0x00000000        0x0 MCAL/TIMER/TIMER_prog.o
 .text.TIMER_voidInitPWM
                0x00000000       0x2c MCAL/TIMER/TIMER_prog.o
 .text.TIMER_voidInitCustomFreqPWM
                0x00000000       0x18 MCAL/TIMER/TIMER_prog.o
 .text.TIMER_voidDelayMs_Async
                0x00000000       0x30 MCAL/TIMER/TIMER_prog.o
 .text.TIMER_voidRunPWM
                0x00000000        0xc MCAL/TIMER/TIMER_prog.o
 .text.TIMER_voidRuncustomFreqPWM
                0x00000000       0x1c MCAL/TIMER/TIMER_prog.o
 .text.mtimer_voidStopPWM
                0x00000000        0xa MCAL/TIMER/TIMER_prog.o
 .text          0x00000000        0x0 TEST/TEST.o
 .data          0x00000000        0x0 TEST/TEST.o
 .bss           0x00000000        0x0 TEST/TEST.o
 .text          0x00000000        0x0 c:/program files (x86)/atmel/studio/7.0/toolchain/avr8/avr8-gnu-toolchain/bin/../lib/gcc/avr/5.4.0/avr5\libgcc.a(_exit.o)
 .data          0x00000000        0x0 c:/program files (x86)/atmel/studio/7.0/toolchain/avr8/avr8-gnu-toolchain/bin/../lib/gcc/avr/5.4.0/avr5\libgcc.a(_exit.o)
 .bss           0x00000000        0x0 c:/program files (x86)/atmel/studio/7.0/toolchain/avr8/avr8-gnu-toolchain/bin/../lib/gcc/avr/5.4.0/avr5\libgcc.a(_exit.o)
 .text.libgcc.mul
                0x00000000        0x0 c:/program files (x86)/atmel/studio/7.0/toolchain/avr8/avr8-gnu-toolchain/bin/../lib/gcc/avr/5.4.0/avr5\libgcc.a(_exit.o)
 .text.libgcc.div
                0x00000000        0x0 c:/program files (x86)/atmel/studio/7.0/toolchain/avr8/avr8-gnu-toolchain/bin/../lib/gcc/avr/5.4.0/avr5\libgcc.a(_exit.o)
 .text.libgcc   0x00000000        0x0 c:/program files (x86)/atmel/studio/7.0/toolchain/avr8/avr8-gnu-toolchain/bin/../lib/gcc/avr/5.4.0/avr5\libgcc.a(_exit.o)
 .text.libgcc.prologue
                0x00000000        0x0 c:/program files (x86)/atmel/studio/7.0/toolchain/avr8/avr8-gnu-toolchain/bin/../lib/gcc/avr/5.4.0/avr5\libgcc.a(_exit.o)
 .text.libgcc.builtins
                0x00000000        0x0 c:/program files (x86)/atmel/studio/7.0/toolchain/avr8/avr8-gnu-toolchain/bin/../lib/gcc/avr/5.4.0/avr5\libgcc.a(_exit.o)
 .text.libgcc.fmul
                0x00000000        0x0 c:/program files (x86)/atmel/studio/7.0/toolchain/avr8/avr8-gnu-toolchain/bin/../lib/gcc/avr/5.4.0/avr5\libgcc.a(_exit.o)
 .text.libgcc.fixed
                0x00000000        0x0 c:/program files (x86)/atmel/studio/7.0/toolchain/avr8/avr8-gnu-toolchain/bin/../lib/gcc/avr/5.4.0/avr5\libgcc.a(_exit.o)
 .text          0x00000000        0x0 c:/program files (x86)/atmel/studio/7.0/toolchain/avr8/avr8-gnu-toolchain/bin/../lib/gcc/avr/5.4.0/avr5\libgcc.a(_clear_bss.o)
 .data          0x00000000        0x0 c:/program files (x86)/atmel/studio/7.0/toolchain/avr8/avr8-gnu-toolchain/bin/../lib/gcc/avr/5.4.0/avr5\libgcc.a(_clear_bss.o)
 .bss           0x00000000        0x0 c:/program files (x86)/atmel/studio/7.0/toolchain/avr8/avr8-gnu-toolchain/bin/../lib/gcc/avr/5.4.0/avr5\libgcc.a(_clear_bss.o)
 .text.libgcc.mul
                0x00000000        0x0 c:/program files (x86)/atmel/studio/7.0/toolchain/avr8/avr8-gnu-toolchain/bin/../lib/gcc/avr/5.4.0/avr5\libgcc.a(_clear_bss.o)
 .text.libgcc.div
                0x00000000        0x0 c:/program files (x86)/atmel/studio/7.0/toolchain/avr8/avr8-gnu-toolchain/bin/../lib/gcc/avr/5.4.0/avr5\libgcc.a(_clear_bss.o)
 .text.libgcc   0x00000000        0x0 c:/program files (x86)/atmel/studio/7.0/toolchain/avr8/avr8-gnu-toolchain/bin/../lib/gcc/avr/5.4.0/avr5\libgcc.a(_clear_bss.o)
 .text.libgcc.prologue
                0x00000000        0x0 c:/program files (x86)/atmel/studio/7.0/toolchain/avr8/avr8-gnu-toolchain/bin/../lib/gcc/avr/5.4.0/avr5\libgcc.a(_clear_bss.o)
 .text.libgcc.builtins
                0x00000000        0x0 c:/program files (x86)/atmel/studio/7.0/toolchain/avr8/avr8-gnu-toolchain/bin/../lib/gcc/avr/5.4.0/avr5\libgcc.a(_clear_bss.o)
 .text.libgcc.fmul
                0x00000000        0x0 c:/program files (x86)/atmel/studio/7.0/toolchain/avr8/avr8-gnu-toolchain/bin/../lib/gcc/avr/5.4.0/avr5\libgcc.a(_clear_bss.o)
 .text.libgcc.fixed
                0x00000000        0x0 c:/program files (x86)/atmel/studio/7.0/toolchain/avr8/avr8-gnu-toolchain/bin/../lib/gcc/avr/5.4.0/avr5\libgcc.a(_clear_bss.o)

Memory Configuration

Name             Origin             Length             Attributes
text             0x00000000         0x00008000         xr
data             0x00800060         0x00000800         rw !x
eeprom           0x00810000         0x00000400         rw !x
fuse             0x00820000         0x00000002         rw !x
lock             0x00830000         0x00000400         rw !x
signature        0x00840000         0x00000400         rw !x
user_signatures  0x00850000         0x00000400         rw !x
*default*        0x00000000         0xffffffff

Linker script and memory map

LOAD C:/Program Files (x86)/Atmel/Studio/7.0/Packs/atmel/ATmega_DFP/1.6.364/gcc/dev/atmega32/avr5/crtatmega32.o
LOAD APP/APP.o
LOAD HAL/Button/Button.o
LOAD HAL/LED/LED.o
LOAD main.o
LOAD MCAL/DIO/GPIO_prog.o
LOAD MCAL/EXTI/EXTI_prog.o
LOAD MCAL/TIMER/TIMER_prog.o
LOAD TEST/TEST.o
START GROUP
LOAD c:/program files (x86)/atmel/studio/7.0/toolchain/avr8/avr8-gnu-toolchain/bin/../lib/gcc/avr/5.4.0/../../../../avr/lib/avr5\libm.a
END GROUP
START GROUP
LOAD c:/program files (x86)/atmel/studio/7.0/toolchain/avr8/avr8-gnu-toolchain/bin/../lib/gcc/avr/5.4.0/avr5\libgcc.a
LOAD c:/program files (x86)/atmel/studio/7.0/toolchain/avr8/avr8-gnu-toolchain/bin/../lib/gcc/avr/5.4.0/../../../../avr/lib/avr5\libm.a
LOAD c:/program files (x86)/atmel/studio/7.0/toolchain/avr8/avr8-gnu-toolchain/bin/../lib/gcc/avr/5.4.0/../../../../avr/lib/avr5\libc.a
LOAD C:/Program Files (x86)/Atmel/Studio/7.0/Packs/atmel/ATmega_DFP/1.6.364/gcc/dev/atmega32/avr5\libatmega32.a
END GROUP
                0x00000000                __TEXT_REGION_ORIGIN__ = DEFINED (__TEXT_REGION_ORIGIN__)?__TEXT_REGION_ORIGIN__:0x0
                [0x00800060]                __DATA_REGION_ORIGIN__ = DEFINED (__DATA_REGION_ORIGIN__)?__DATA_REGION_ORIGIN__:0x800060
                [0x00008000]                __TEXT_REGION_LENGTH__ = DEFINED (__TEXT_REGION_LENGTH__)?__TEXT_REGION_LENGTH__:0x20000
                [0x00000800]                __DATA_REGION_LENGTH__ = DEFINED (__DATA_REGION_LENGTH__)?__DATA_REGION_LENGTH__:0xffa0
                [0x00000400]                __EEPROM_REGION_LENGTH__ = DEFINED (__EEPROM_REGION_LENGTH__)?__EEPROM_REGION_LENGTH__:0x10000
                [0x00000002]                __FUSE_REGION_LENGTH__ = DEFINED (__FUSE_REGION_LENGTH__)?__FUSE_REGION_LENGTH__:0x400
                0x00000400                __LOCK_REGION_LENGTH__ = DEFINED (__LOCK_REGION_LENGTH__)?__LOCK_REGION_LENGTH__:0x400
                0x00000400                __SIGNATURE_REGION_LENGTH__ = DEFINED (__SIGNATURE_REGION_LENGTH__)?__SIGNATURE_REGION_LENGTH__:0x400
                0x00000400                __USER_SIGNATURE_REGION_LENGTH__ = DEFINED (__USER_SIGNATURE_REGION_LENGTH__)?__USER_SIGNATURE_REGION_LENGTH__:0x400

.hash
 *(.hash)

.dynsym
 *(.dynsym)

.dynstr
 *(.dynstr)

.gnu.version
 *(.gnu.version)

.gnu.version_d
 *(.gnu.version_d)

.gnu.version_r
 *(.gnu.version_r)

.rel.init
 *(.rel.init)

.rela.init
 *(.rela.init)

.rel.text
 *(.rel.text)
 *(.rel.text.*)
 *(.rel.gnu.linkonce.t*)

.rela.text
 *(.rela.text)
 *(.rela.text.*)
 *(.rela.gnu.linkonce.t*)

.rel.fini
 *(.rel.fini)

.rela.fini
 *(.rela.fini)

.rel.rodata
 *(.rel.rodata)
 *(.rel.rodata.*)
 *(.rel.gnu.linkonce.r*)

.rela.rodata
 *(.rela.rodata)
 *(.rela.rodata.*)
 *(.rela.gnu.linkonce.r*)

.rel.data
 *(.rel.data)
 *(.rel.data.*)
 *(.rel.gnu.linkonce.d*)

.rela.data
 *(.rela.data)
 *(.rela.data.*)
 *(.rela.gnu.linkonce.d*)

.rel.ctors
 *(.rel.ctors)

.rela.ctors
 *(.rela.ctors)

.rel.dtors
 *(.rel.dtors)

.rela.dtors
 *(.rela.dtors)

.rel.got
 *(.rel.got)

.rela.got
 *(.rela.got)

.rel.bss
 *(.rel.bss)

.rela.bss
 *(.rela.bss)

.rel.plt
 *(.rel.plt)

.rela.plt
 *(.rela.plt)

.text           0x00000000      0x7d0
 *(.vectors)
 .vectors       0x00000000       0x54 C:/Program Files (x86)/Atmel/Studio/7.0/Packs/atmel/ATmega_DFP/1.6.364/gcc/dev/atmega32/avr5/crtatmega32.o
                0x00000000                __vector_default
                0x00000000                __vectors
 *(.vectors)
 *(.progmem.gcc*)
                0x00000054                . = ALIGN (0x2)
                0x00000054                __trampolines_start = .
 *(.trampolines)
 .trampolines   0x00000054        0x0 linker stubs
 *(.trampolines*)
                0x00000054                __trampolines_end = .
 *libprintf_flt.a:*(.progmem.data)
 *libc.a:*(.progmem.data)
 *(.progmem*)
                0x00000054                . = ALIGN (0x2)
 *(.jumptables)
 *(.jumptables*)
 *(.lowtext)
 *(.lowtext*)
                0x00000054                __ctors_start = .
 *(.ctors)
                0x00000054                __ctors_end = .
                0x00000054                __dtors_start = .
 *(.dtors)
                0x00000054                __dtors_end = .
 SORT(*)(.ctors)
 SORT(*)(.dtors)
 *(.init0)
 .init0         0x00000054        0x0 C:/Program Files (x86)/Atmel/Studio/7.0/Packs/atmel/ATmega_DFP/1.6.364/gcc/dev/atmega32/avr5/crtatmega32.o
                0x00000054                __init
 *(.init0)
 *(.init1)
 *(.init1)
 *(.init2)
 .init2         0x00000054        0xc C:/Program Files (x86)/Atmel/Studio/7.0/Packs/atmel/ATmega_DFP/1.6.364/gcc/dev/atmega32/avr5/crtatmega32.o
 *(.init2)
 *(.init3)
 *(.init3)
 *(.init4)
 .init4         0x00000060       0x10 c:/program files (x86)/atmel/studio/7.0/toolchain/avr8/avr8-gnu-toolchain/bin/../lib/gcc/avr/5.4.0/avr5\libgcc.a(_clear_bss.o)
                0x00000060                __do_clear_bss
 *(.init4)
 *(.init5)
 *(.init5)
 *(.init6)
 *(.init6)
 *(.init7)
 *(.init7)
 *(.init8)
 *(.init8)
 *(.init9)
 .init9         0x00000070        0x8 C:/Program Files (x86)/Atmel/Studio/7.0/Packs/atmel/ATmega_DFP/1.6.364/gcc/dev/atmega32/avr5/crtatmega32.o
 *(.init9)
 *(.text)
 .text          0x00000078        0x4 C:/Program Files (x86)/Atmel/Studio/7.0/Packs/atmel/ATmega_DFP/1.6.364/gcc/dev/atmega32/avr5/crtatmega32.o
                0x00000078                __vector_12
                0x00000078                __bad_interrupt
                0x00000078                __vector_6
                0x00000078                __vector_11
                0x00000078                __vector_13
                0x00000078                __vector_17
                0x00000078                __vector_19
                0x00000078                __vector_7
                0x00000078                __vector_5
                0x00000078                __vector_4
                0x00000078                __vector_9
                0x00000078                __vector_15
                0x00000078                __vector_8
                0x00000078                __vector_14
                0x00000078                __vector_16
                0x00000078                __vector_18
                0x00000078                __vector_20
                0x0000007c                . = ALIGN (0x2)
 *(.text.*)
 .text.Pedestrian_Mode
                0x0000007c      0x134 APP/APP.o
                0x0000007c                Pedestrian_Mode
 .text.APP_start
                0x000001b0       0x96 APP/APP.o
                0x000001b0                APP_start
 .text.Button_voidAttachInterrupt
                0x00000246       0x14 HAL/Button/Button.o
                0x00000246                Button_voidAttachInterrupt
 .text.LED_init
                0x0000025a       0x28 HAL/LED/LED.o
                0x0000025a                LED_init
 .text.LED_voidTurn
                0x00000282        0x8 HAL/LED/LED.o
                0x00000282                LED_voidTurn
 .text.LED_voidBlink
                0x0000028a       0x58 HAL/LED/LED.o
                0x0000028a                LED_voidBlink
 .text.LED_voidDoubleBlink
                0x000002e2       0x66 HAL/LED/LED.o
                0x000002e2                LED_voidDoubleBlink
 .text.LED_voidDelay
                0x00000348        0x8 HAL/LED/LED.o
                0x00000348                LED_voidDelay
 .text.LED_voidStartTimer
                0x00000350        0xa HAL/LED/LED.o
                0x00000350                LED_voidStartTimer
 .text.main     0x0000035a       0x14 main.o
                0x0000035a                main
 .text.GPIO_voidSetPinStatus
                0x0000036e       0xcc MCAL/DIO/GPIO_prog.o
                0x0000036e                GPIO_voidSetPinStatus
 .text.GPIO_voidSetPinValue
                0x0000043a       0x6c MCAL/DIO/GPIO_prog.o
                0x0000043a                GPIO_voidSetPinValue
 .text.GPIO_voidTogglePinValue
                0x000004a6       0x30 MCAL/DIO/GPIO_prog.o
                0x000004a6                GPIO_voidTogglePinValue
 .text.EXTI_voidEnableInterrupt
                0x000004d6       0x2a MCAL/EXTI/EXTI_prog.o
                0x000004d6                EXTI_voidEnableInterrupt
 .text.EXTI_voidAttachInterrupt
                0x00000500       0x64 MCAL/EXTI/EXTI_prog.o
                0x00000500                EXTI_voidAttachInterrupt
 .text.__vector_1
                0x00000564       0x52 MCAL/EXTI/EXTI_prog.o
                0x00000564                __vector_1
 .text.__vector_2
                0x000005b6       0x52 MCAL/EXTI/EXTI_prog.o
                0x000005b6                __vector_2
 .text.__vector_3
                0x00000608       0x52 MCAL/EXTI/EXTI_prog.o
                0x00000608                __vector_3
 .text.TIMER_voidStartTimer
                0x0000065a       0x3c MCAL/TIMER/TIMER_prog.o
                0x0000065a                TIMER_voidStartTimer
 .text.Timer_voidStopTimer
                0x00000696        0xc MCAL/TIMER/TIMER_prog.o
                0x00000696                Timer_voidStopTimer
 .text.TIMER_voidInitDelay
                0x000006a2       0x22 MCAL/TIMER/TIMER_prog.o
                0x000006a2                TIMER_voidInitDelay
 .text.TIMER_voidDelayMs_Sync
                0x000006c4       0x5a MCAL/TIMER/TIMER_prog.o
                0x000006c4                TIMER_voidDelayMs_Sync
 .text.__vector_10
                0x0000071e       0x8e MCAL/TIMER/TIMER_prog.o
                0x0000071e                __vector_10
 .text.TEST_Modules
                0x000007ac       0x20 TEST/TEST.o
                0x000007ac                TEST_Modules
                0x000007cc                . = ALIGN (0x2)
 *(.fini9)
 .fini9         0x000007cc        0x0 c:/program files (x86)/atmel/studio/7.0/toolchain/avr8/avr8-gnu-toolchain/bin/../lib/gcc/avr/5.4.0/avr5\libgcc.a(_exit.o)
                0x000007cc                _exit
                0x000007cc                exit
 *(.fini9)
 *(.fini8)
 *(.fini8)
 *(.fini7)
 *(.fini7)
 *(.fini6)
 *(.fini6)
 *(.fini5)
 *(.fini5)
 *(.fini4)
 *(.fini4)
 *(.fini3)
 *(.fini3)
 *(.fini2)
 *(.fini2)
 *(.fini1)
 *(.fini1)
 *(.fini0)
 .fini0         0x000007cc        0x4 c:/program files (x86)/atmel/studio/7.0/toolchain/avr8/avr8-gnu-toolchain/bin/../lib/gcc/avr/5.4.0/avr5\libgcc.a(_exit.o)
 *(.fini0)
                0x000007d0                _etext = .

.data           0x00800060        0x0 load address 0x000007d0
                [!provide]                PROVIDE (__data_start, .)
 *(.data)
 *(.data*)
 *(.gnu.linkonce.d*)
 *(.rodata)
 *(.rodata*)
 *(.gnu.linkonce.r*)
                0x00800060                . = ALIGN (0x2)
                0x00800060                _edata = .
                [!provide]                PROVIDE (__data_end, .)

.bss            0x00800060       0x13
                0x00800060                PROVIDE (__bss_start, .)
 *(.bss)
 *(.bss*)
 .bss.Globalfunc_INT_2
                0x00800060        0x2 MCAL/EXTI/EXTI_prog.o
                0x00800060                Globalfunc_INT_2
 .bss.Globalfunc_INT_1
                0x00800062        0x2 MCAL/EXTI/EXTI_prog.o
                0x00800062                Globalfunc_INT_1
 .bss.Globalfunc_INT_0
                0x00800064        0x2 MCAL/EXTI/EXTI_prog.o
                0x00800064                Globalfunc_INT_0
 .bss.Globalfunc_timer0_ISR
                0x00800066        0x2 MCAL/TIMER/TIMER_prog.o
 .bss.Global_u32timer0_delayPeriod
                0x00800068        0x4 MCAL/TIMER/TIMER_prog.o
 .bss.Global_u8timer1_prescaler
                0x0080006c        0x1 MCAL/TIMER/TIMER_prog.o
 .bss.Global_u8timer0_prescaler
                0x0080006d        0x1 MCAL/TIMER/TIMER_prog.o
 *(COMMON)
 COMMON         0x0080006e        0x1 APP/APP.o
                0x0080006e                Global_Copy_u8StateFlag
 COMMON         0x0080006f        0x4 MCAL/TIMER/TIMER_prog.o
                0x0080006f                Global_u32timers_remainingTime
                0x00800073                PROVIDE (__bss_end, .)
                0x000007d0                __data_load_start = LOADADDR (.data)
                0x000007d0                __data_load_end = (__data_load_start + SIZEOF (.data))

.noinit         0x00800073        0x0
                [!provide]                PROVIDE (__noinit_start, .)
 *(.noinit*)
                [!provide]                PROVIDE (__noinit_end, .)
                0x00800073                _end = .
                [!provide]                PROVIDE (__heap_start, .)

.eeprom         0x00810000        0x0
 *(.eeprom*)
                0x00810000                __eeprom_end = .

.fuse
 *(.fuse)
 *(.lfuse)
 *(.hfuse)
 *(.efuse)

.lock
 *(.lock*)

.signature
 *(.signature*)

.user_signatures
 *(.user_signatures*)

.stab
 *(.stab)

.stabstr
 *(.stabstr)

.stab.excl
 *(.stab.excl)

.stab.exclstr
 *(.stab.exclstr)

.stab.index
 *(.stab.index)

.stab.indexstr
 *(.stab.indexstr)

.comment        0x00000000       0x30
 *(.comment)
 .comment       0x00000000       0x30 APP/APP.o
                                 0x31 (size before relaxing)
 .comment       0x00000030       0x31 HAL/Button/Button.o
 .comment       0x00000030       0x31 HAL/LED/LED.o
 .comment       0x00000030       0x31 main.o
 .comment       0x00000030       0x31 MCAL/DIO/GPIO_prog.o
 .comment       0x00000030       0x31 MCAL/EXTI/EXTI_prog.o
 .comment       0x00000030       0x31 MCAL/TIMER/TIMER_prog.o
 .comment       0x00000030       0x31 TEST/TEST.o

.note.gnu.avr.deviceinfo
                0x00000000       0x3c
 .note.gnu.avr.deviceinfo
                0x00000000       0x3c C:/Program Files (x86)/Atmel/Studio/7.0/Packs/atmel/ATmega_DFP/1.6.364/gcc/dev/atmega32/avr5/crtatmega32.o

.note.gnu.build-id
 *(.note.gnu.build-id)

.debug
 *(.debug)

.line
 *(.line)

.debug_srcinfo
 *(.debug_srcinfo)

.debug_sfnames
 *(.debug_sfnames)

.debug_aranges  0x00000000      0x1c0
 *(.debug_aranges)
 .debug_aranges
                0x00000000       0x28 APP/APP.o
 .debug_aranges
                0x00000028       0x20 HAL/Button/Button.o
 .debug_aranges
                0x00000048       0x48 HAL/LED/LED.o
 .debug_aranges
                0x00000090       0x20 main.o
 .debug_aranges
                0x000000b0       0x38 MCAL/DIO/GPIO_prog.o
 .debug_aranges
                0x000000e8       0x48 MCAL/EXTI/EXTI_prog.o
 .debug_aranges
                0x00000130       0x70 MCAL/TIMER/TIMER_prog.o
 .debug_aranges
                0x000001a0       0x20 TEST/TEST.o

.debug_pubnames
 *(.debug_pubnames)

.debug_info     0x00000000     0x1772
 *(.debug_info .gnu.linkonce.wi.*)
 .debug_info    0x00000000      0x4e6 C:/Program Files (x86)/Atmel/Studio/7.0/Packs/atmel/ATmega_DFP/1.6.364/gcc/dev/atmega32/avr5/crtatmega32.o
 .debug_info    0x000004e6      0x59b APP/APP.o
 .debug_info    0x00000a81      0x113 HAL/Button/Button.o
 .debug_info    0x00000b94      0x39b HAL/LED/LED.o
 .debug_info    0x00000f2f       0x9c main.o
 .debug_info    0x00000fcb      0x155 MCAL/DIO/GPIO_prog.o
 .debug_info    0x00001120      0x19e MCAL/EXTI/EXTI_prog.o
 .debug_info    0x000012be      0x38a MCAL/TIMER/TIMER_prog.o
 .debug_info    0x00001648      0x12a TEST/TEST.o

.debug_abbrev   0x00000000      0xaab
 *(.debug_abbrev)
 .debug_abbrev  0x00000000      0x4a3 C:/Program Files (x86)/Atmel/Studio/7.0/Packs/atmel/ATmega_DFP/1.6.364/gcc/dev/atmega32/avr5/crtatmega32.o
 .debug_abbrev  0x000004a3       0xea APP/APP.o
 .debug_abbrev  0x0000058d       0xb7 HAL/Button/Button.o
 .debug_abbrev  0x00000644       0xdb HAL/LED/LED.o
 .debug_abbrev  0x0000071f       0x7d main.o
 .debug_abbrev  0x0000079c       0xa9 MCAL/DIO/GPIO_prog.o
 .debug_abbrev  0x00000845       0xaa MCAL/EXTI/EXTI_prog.o
 .debug_abbrev  0x000008ef      0x115 MCAL/TIMER/TIMER_prog.o
 .debug_abbrev  0x00000a04       0xa7 TEST/TEST.o

.debug_line     0x00000000      0xc9c
 *(.debug_line .debug_line.* .debug_line_end)
 .debug_line    0x00000000      0x116 C:/Program Files (x86)/Atmel/Studio/7.0/Packs/atmel/ATmega_DFP/1.6.364/gcc/dev/atmega32/avr5/crtatmega32.o
 .debug_line    0x00000116      0x1c1 APP/APP.o
 .debug_line    0x000002d7       0xbb HAL/Button/Button.o
 .debug_line    0x00000392      0x1d2 HAL/LED/LED.o
 .debug_line    0x00000564       0x75 main.o
 .debug_line    0x000005d9      0x19e MCAL/DIO/GPIO_prog.o
 .debug_line    0x00000777      0x1f4 MCAL/EXTI/EXTI_prog.o
 .debug_line    0x0000096b      0x273 MCAL/TIMER/TIMER_prog.o
 .debug_line    0x00000bde       0xbe TEST/TEST.o

.debug_frame    0x00000000      0x428
 *(.debug_frame)
 .debug_frame   0x00000000       0x3c APP/APP.o
 .debug_frame   0x0000003c       0x2c HAL/Button/Button.o
 .debug_frame   0x00000068       0xb8 HAL/LED/LED.o
 .debug_frame   0x00000120       0x24 main.o
 .debug_frame   0x00000144       0x54 MCAL/DIO/GPIO_prog.o
 .debug_frame   0x00000198      0x14c MCAL/EXTI/EXTI_prog.o
 .debug_frame   0x000002e4      0x120 MCAL/TIMER/TIMER_prog.o
 .debug_frame   0x00000404       0x24 TEST/TEST.o

.debug_str      0x00000000      0x8f1
 *(.debug_str)
 .debug_str     0x00000000      0x196 C:/Program Files (x86)/Atmel/Studio/7.0/Packs/atmel/ATmega_DFP/1.6.364/gcc/dev/atmega32/avr5/crtatmega32.o
 .debug_str     0x00000196      0x248 APP/APP.o
                                0x25a (size before relaxing)
 .debug_str     0x000003de       0xa1 HAL/Button/Button.o
                                0x216 (size before relaxing)
 .debug_str     0x0000047f       0xfd HAL/LED/LED.o
                                0x2c1 (size before relaxing)
 .debug_str     0x0000057c       0x31 main.o
                                0x16a (size before relaxing)
 .debug_str     0x000005ad       0x46 MCAL/DIO/GPIO_prog.o
                                0x208 (size before relaxing)
 .debug_str     0x000005f3       0xb4 MCAL/EXTI/EXTI_prog.o
                                0x294 (size before relaxing)
 .debug_str     0x000006a7      0x221 MCAL/TIMER/TIMER_prog.o
                                0x40b (size before relaxing)
 .debug_str     0x000008c8       0x29 TEST/TEST.o
                                0x204 (size before relaxing)

.debug_loc      0x00000000     0x119a
 *(.debug_loc)
 .debug_loc     0x00000000       0x22 APP/APP.o
 .debug_loc     0x00000022       0x95 HAL/Button/Button.o
 .debug_loc     0x000000b7      0x2d4 HAL/LED/LED.o
 .debug_loc     0x0000038b      0x650 MCAL/DIO/GPIO_prog.o
 .debug_loc     0x000009db      0x3b8 MCAL/EXTI/EXTI_prog.o
 .debug_loc     0x00000d93      0x407 MCAL/TIMER/TIMER_prog.o

.debug_macinfo
 *(.debug_macinfo)

.debug_weaknames
 *(.debug_weaknames)

.debug_funcnames
 *(.debug_funcnames)

.debug_typenames
 *(.debug_typenames)

.debug_varnames
 *(.debug_varnames)

.debug_pubtypes
 *(.debug_pubtypes)

.debug_ranges   0x00000000      0x140
 *(.debug_ranges)
 .debug_ranges  0x00000000       0x18 APP/APP.o
 .debug_ranges  0x00000018       0x10 HAL/Button/Button.o
 .debug_ranges  0x00000028       0x38 HAL/LED/LED.o
 .debug_ranges  0x00000060       0x10 main.o
 .debug_ranges  0x00000070       0x28 MCAL/DIO/GPIO_prog.o
 .debug_ranges  0x00000098       0x38 MCAL/EXTI/EXTI_prog.o
 .debug_ranges  0x000000d0       0x60 MCAL/TIMER/TIMER_prog.o
 .debug_ranges  0x00000130       0x10 TEST/TEST.o

.debug_macro
 *(.debug_macro)
OUTPUT(On_Demand_Trafic_Light.elf elf32-avr)
LOAD linker stubs
